http://152.53.171.242:12574
http://72.10.164.178:3061
